wan-adapter-cpu	Run python tokenwise_time/test_pilot.py --output results/ci-tokenwise-pilot.json	﻿2026-09-07T15:29:07.8958549Z ##[group]Run python tokenwise_time/test_pilot.py --output results/ci-tokenwise-pilot.json
wan-adapter-cpu	Run python tokenwise_time/test_pilot.py --output results/ci-tokenwise-pilot.json	2026-09-07T15:29:07.8959207Z [36;1mpython tokenwise_time/test_pilot.py --output results/ci-tokenwise-pilot.json[0m
wan-adapter-cpu	Run python tokenwise_time/test_pilot.py --output results/ci-tokenwise-pilot.json	2026-09-07T15:29:07.8998521Z shell: /usr/bin/bash -e {0}
wan-adapter-cpu	Run python tokenwise_time/test_pilot.py --output results/ci-tokenwise-pilot.json	2026-09-07T15:29:07.8998785Z env:
wan-adapter-cpu	Run python tokenwise_time/test_pilot.py --output results/ci-tokenwise-pilot.json	2026-09-07T15:29:07.8999052Z   pythonLocation: /opt/hostedtoolcache/Python/3.11.16/x64
wan-adapter-cpu	Run python tokenwise_time/test_pilot.py --output results/ci-tokenwise-pilot.json	2026-09-07T15:29:07.8999483Z   PKG_CONFIG_PATH: /opt/hostedtoolcache/Python/3.11.16/x64/lib/pkgconfig
wan-adapter-cpu	Run python tokenwise_time/test_pilot.py --output results/ci-tokenwise-pilot.json	2026-09-07T15:29:07.8999910Z   Python_ROOT_DIR: /opt/hostedtoolcache/Python/3.11.16/x64
wan-adapter-cpu	Run python tokenwise_time/test_pilot.py --output results/ci-tokenwise-pilot.json	2026-09-07T15:29:07.9000284Z   Python2_ROOT_DIR: /opt/hostedtoolcache/Python/3.11.16/x64
wan-adapter-cpu	Run python tokenwise_time/test_pilot.py --output results/ci-tokenwise-pilot.json	2026-09-07T15:29:07.9000669Z   Python3_ROOT_DIR: /opt/hostedtoolcache/Python/3.11.16/x64
wan-adapter-cpu	Run python tokenwise_time/test_pilot.py --output results/ci-tokenwise-pilot.json	2026-09-07T15:29:07.9001040Z   LD_LIBRARY_PATH: /opt/hostedtoolcache/Python/3.11.16/x64/lib
wan-adapter-cpu	Run python tokenwise_time/test_pilot.py --output results/ci-tokenwise-pilot.json	2026-09-07T15:29:07.9001364Z ##[endgroup]
wan-adapter-cpu	Run python tokenwise_time/test_pilot.py --output results/ci-tokenwise-pilot.json	2026-09-07T15:29:10.7648654Z test_atomic_recovery_preserves_previous_completed_bundle (__main__.Tests.test_atomic_recovery_preserves_previous_completed_bundle) ... ok
wan-adapter-cpu	Run python tokenwise_time/test_pilot.py --output results/ci-tokenwise-pilot.json	2026-09-07T15:29:10.8533327Z test_diagnostics_keep_exact_inputs_after_optimizer (__main__.Tests.test_diagnostics_keep_exact_inputs_after_optimizer) ... ok
wan-adapter-cpu	Run python tokenwise_time/test_pilot.py --output results/ci-tokenwise-pilot.json	2026-09-07T15:29:10.8552738Z test_exact_schedule_distinct_repeat_draws_and_diagnostics (__main__.Tests.test_exact_schedule_distinct_repeat_draws_and_diagnostics) ... ok
wan-adapter-cpu	Run python tokenwise_time/test_pilot.py --output results/ci-tokenwise-pilot.json	2026-09-07T15:29:10.8594198Z test_inference_cache_materializes_only_observation_and_actions (__main__.Tests.test_inference_cache_materializes_only_observation_and_actions) ... ok
wan-adapter-cpu	Run python tokenwise_time/test_pilot.py --output results/ci-tokenwise-pilot.json	2026-09-07T15:29:10.8618660Z test_noise_preservation_time_budget_and_output_isolation (__main__.Tests.test_noise_preservation_time_budget_and_output_isolation) ... ERROR
wan-adapter-cpu	Run python tokenwise_time/test_pilot.py --output results/ci-tokenwise-pilot.json	2026-09-07T15:29:11.1378482Z test_solver_token_times_cfg_conditions_and_caller_storage (__main__.Tests.test_solver_token_times_cfg_conditions_and_caller_storage) ... ok
wan-adapter-cpu	Run python tokenwise_time/test_pilot.py --output results/ci-tokenwise-pilot.json	2026-09-07T15:29:11.1604015Z test_stale_preflight_and_interrupt_evidence (__main__.Tests.test_stale_preflight_and_interrupt_evidence) ... ok
wan-adapter-cpu	Run python tokenwise_time/test_pilot.py --output results/ci-tokenwise-pilot.json	2026-09-07T15:29:11.1613223Z 
wan-adapter-cpu	Run python tokenwise_time/test_pilot.py --output results/ci-tokenwise-pilot.json	2026-09-07T15:29:11.1643320Z ======================================================================
wan-adapter-cpu	Run python tokenwise_time/test_pilot.py --output results/ci-tokenwise-pilot.json	2026-09-07T15:29:11.1644326Z ERROR: test_noise_preservation_time_budget_and_output_isolation (__main__.Tests.test_noise_preservation_time_budget_and_output_isolation)
wan-adapter-cpu	Run python tokenwise_time/test_pilot.py --output results/ci-tokenwise-pilot.json	2026-09-07T15:29:11.1645320Z ----------------------------------------------------------------------
wan-adapter-cpu	Run python tokenwise_time/test_pilot.py --output results/ci-tokenwise-pilot.json	2026-09-07T15:29:11.1645833Z Traceback (most recent call last):
wan-adapter-cpu	Run python tokenwise_time/test_pilot.py --output results/ci-tokenwise-pilot.json	2026-09-07T15:29:11.1654952Z   File "/home/runner/work/open-worldline/open-worldline/experiments/wan_adapter/tokenwise_time/test_pilot.py", line 107, in test_noise_preservation_time_budget_and_output_isolation
wan-adapter-cpu	Run python tokenwise_time/test_pilot.py --output results/ci-tokenwise-pilot.json	2026-09-07T15:29:11.1656411Z     noise,provenance=retained_noise(pc.PARENT/'native_control/results/clip50')
wan-adapter-cpu	Run python tokenwise_time/test_pilot.py --output results/ci-tokenwise-pilot.json	2026-09-07T15:29:11.1657033Z                      ^^^^^^^^^^^^^^^^^^^^^^^^^^^^^^^^^^^^^^^^^^^^^^^^^^^^^^^^^
wan-adapter-cpu	Run python tokenwise_time/test_pilot.py --output results/ci-tokenwise-pilot.json	2026-09-07T15:29:11.1658065Z   File "/home/runner/work/open-worldline/open-worldline/experiments/wan_adapter/tokenwise_time/sample_pilot.py", line 53, in retained_noise
wan-adapter-cpu	Run python tokenwise_time/test_pilot.py --output results/ci-tokenwise-pilot.json	2026-09-07T15:29:11.1659376Z     if not torch.equal(noise,initial_noise()):raise ValueError('Retained noise differs from the fixed native-control seed')
wan-adapter-cpu	Run python tokenwise_time/test_pilot.py --output results/ci-tokenwise-pilot.json	2026-09-07T15:29:11.1660275Z                                               ^^^^^^^^^^^^^^^^^^^^^^^^^^^^^^^^^^^^^^^^^^^^^^^^^^^^^^^^^^^^^^^^^^^^^^^^^^^^^
wan-adapter-cpu	Run python tokenwise_time/test_pilot.py --output results/ci-tokenwise-pilot.json	2026-09-07T15:29:11.1660933Z ValueError: Retained noise differs from the fixed native-control seed
wan-adapter-cpu	Run python tokenwise_time/test_pilot.py --output results/ci-tokenwise-pilot.json	2026-09-07T15:29:11.1661337Z 
wan-adapter-cpu	Run python tokenwise_time/test_pilot.py --output results/ci-tokenwise-pilot.json	2026-09-07T15:29:11.1661557Z ----------------------------------------------------------------------
wan-adapter-cpu	Run python tokenwise_time/test_pilot.py --output results/ci-tokenwise-pilot.json	2026-09-07T15:29:11.1662029Z Ran 7 tests in 0.463s
wan-adapter-cpu	Run python tokenwise_time/test_pilot.py --output results/ci-tokenwise-pilot.json	2026-09-07T15:29:11.1662225Z 
wan-adapter-cpu	Run python tokenwise_time/test_pilot.py --output results/ci-tokenwise-pilot.json	2026-09-07T15:29:11.1662646Z FAILED (errors=1)
wan-adapter-cpu	Run python tokenwise_time/test_pilot.py --output results/ci-tokenwise-pilot.json	2026-09-07T15:29:11.6760974Z ##[error]Process completed with exit code 1.
