Collecting diffusers==0.34.0 (from -r /workspace/cuda-ref-unpack/wan22-cuda-reference-f0daa5de/experiments/wan22_native/cuda_reference/requirements.txt (line 2))
  Downloading diffusers-0.34.0-py3-none-any.whl.metadata (20 kB)
Collecting huggingface-hub==0.34.0 (from -r /workspace/cuda-ref-unpack/wan22-cuda-reference-f0daa5de/experiments/wan22_native/cuda_reference/requirements.txt (line 3))
  Downloading huggingface_hub-0.34.0-py3-none-any.whl.metadata (14 kB)
Collecting safetensors==0.5.3 (from -r /workspace/cuda-ref-unpack/wan22-cuda-reference-f0daa5de/experiments/wan22_native/cuda_reference/requirements.txt (line 4))
  Downloading safetensors-0.5.3-cp38-abi3-manylinux_2_17_x86_64.manylinux2014_x86_64.whl.metadata (3.8 kB)
Collecting numpy==1.26.4 (from -r /workspace/cuda-ref-unpack/wan22-cuda-reference-f0daa5de/experiments/wan22_native/cuda_reference/requirements.txt (line 5))
  Downloading numpy-1.26.4-cp311-cp311-manylinux_2_17_x86_64.manylinux2014_x86_64.whl.metadata (61 kB)
     ━━━━━━━━━━━━━━━━━━━━━━━━━━━━━━━━━━━━━━━━ 61.0/61.0 kB 15.7 MB/s eta 0:00:00
Collecting psutil==7.2.2 (from -r /workspace/cuda-ref-unpack/wan22-cuda-reference-f0daa5de/experiments/wan22_native/cuda_reference/requirements.txt (line 6))
  Downloading psutil-7.2.2-cp36-abi3-manylinux2010_x86_64.manylinux_2_12_x86_64.manylinux_2_28_x86_64.whl.metadata (22 kB)
Collecting einops==0.8.1 (from -r /workspace/cuda-ref-unpack/wan22-cuda-reference-f0daa5de/experiments/wan22_native/cuda_reference/requirements.txt (line 7))
  Downloading einops-0.8.1-py3-none-any.whl.metadata (13 kB)
Collecting Pillow==12.3.0 (from -r /workspace/cuda-ref-unpack/wan22-cuda-reference-f0daa5de/experiments/wan22_native/cuda_reference/requirements.txt (line 8))
  Downloading pillow-12.3.0-cp311-cp311-manylinux_2_27_x86_64.manylinux_2_28_x86_64.whl.metadata (9.1 kB)
Collecting importlib_metadata (from diffusers==0.34.0->-r /workspace/cuda-ref-unpack/wan22-cuda-reference-f0daa5de/experiments/wan22_native/cuda_reference/requirements.txt (line 2))
  Downloading importlib_metadata-9.0.1-py3-none-any.whl.metadata (4.5 kB)
Requirement already satisfied: filelock in /opt/conda/lib/python3.11/site-packages (from diffusers==0.34.0->-r /workspace/cuda-ref-unpack/wan22-cuda-reference-f0daa5de/experiments/wan22_native/cuda_reference/requirements.txt (line 2)) (3.16.1)
Collecting regex!=2019.12.17 (from diffusers==0.34.0->-r /workspace/cuda-ref-unpack/wan22-cuda-reference-f0daa5de/experiments/wan22_native/cuda_reference/requirements.txt (line 2))
  Downloading regex-2026.9.3-cp311-cp311-manylinux2014_x86_64.manylinux_2_17_x86_64.manylinux_2_28_x86_64.whl.metadata (40 kB)
     ━━━━━━━━━━━━━━━━━━━━━━━━━━━━━━━━━━━━━━━━ 40.6/40.6 kB 11.2 MB/s eta 0:00:00
Requirement already satisfied: requests in /opt/conda/lib/python3.11/site-packages (from diffusers==0.34.0->-r /workspace/cuda-ref-unpack/wan22-cuda-reference-f0daa5de/experiments/wan22_native/cuda_reference/requirements.txt (line 2)) (2.32.3)
Requirement already satisfied: fsspec>=2023.5.0 in /opt/conda/lib/python3.11/site-packages (from huggingface-hub==0.34.0->-r /workspace/cuda-ref-unpack/wan22-cuda-reference-f0daa5de/experiments/wan22_native/cuda_reference/requirements.txt (line 3)) (2024.10.0)
Requirement already satisfied: packaging>=20.9 in /opt/conda/lib/python3.11/site-packages (from huggingface-hub==0.34.0->-r /workspace/cuda-ref-unpack/wan22-cuda-reference-f0daa5de/experiments/wan22_native/cuda_reference/requirements.txt (line 3)) (24.1)
Requirement already satisfied: pyyaml>=5.1 in /opt/conda/lib/python3.11/site-packages (from huggingface-hub==0.34.0->-r /workspace/cuda-ref-unpack/wan22-cuda-reference-f0daa5de/experiments/wan22_native/cuda_reference/requirements.txt (line 3)) (6.0.2)
Requirement already satisfied: tqdm>=4.42.1 in /opt/conda/lib/python3.11/site-packages (from huggingface-hub==0.34.0->-r /workspace/cuda-ref-unpack/wan22-cuda-reference-f0daa5de/experiments/wan22_native/cuda_reference/requirements.txt (line 3)) (4.66.5)
Requirement already satisfied: typing-extensions>=3.7.4.3 in /opt/conda/lib/python3.11/site-packages (from huggingface-hub==0.34.0->-r /workspace/cuda-ref-unpack/wan22-cuda-reference-f0daa5de/experiments/wan22_native/cuda_reference/requirements.txt (line 3)) (4.12.2)
Collecting hf-xet<2.0.0,>=1.1.3 (from huggingface-hub==0.34.0->-r /workspace/cuda-ref-unpack/wan22-cuda-reference-f0daa5de/experiments/wan22_native/cuda_reference/requirements.txt (line 3))
  Downloading hf_xet-1.6.0-cp38-abi3-manylinux2014_x86_64.manylinux_2_17_x86_64.whl.metadata (4.9 kB)
Requirement already satisfied: zipp>=3.20 in /opt/conda/lib/python3.11/site-packages (from importlib_metadata->diffusers==0.34.0->-r /workspace/cuda-ref-unpack/wan22-cuda-reference-f0daa5de/experiments/wan22_native/cuda_reference/requirements.txt (line 2)) (3.20.2)
Requirement already satisfied: charset-normalizer<4,>=2 in /opt/conda/lib/python3.11/site-packages (from requests->diffusers==0.34.0->-r /workspace/cuda-ref-unpack/wan22-cuda-reference-f0daa5de/experiments/wan22_native/cuda_reference/requirements.txt (line 2)) (3.4.0)
Requirement already satisfied: idna<4,>=2.5 in /opt/conda/lib/python3.11/site-packages (from requests->diffusers==0.34.0->-r /workspace/cuda-ref-unpack/wan22-cuda-reference-f0daa5de/experiments/wan22_native/cuda_reference/requirements.txt (line 2)) (3.10)
Requirement already satisfied: urllib3<3,>=1.21.1 in /opt/conda/lib/python3.11/site-packages (from requests->diffusers==0.34.0->-r /workspace/cuda-ref-unpack/wan22-cuda-reference-f0daa5de/experiments/wan22_native/cuda_reference/requirements.txt (line 2)) (2.2.3)
Requirement already satisfied: certifi>=2017.4.17 in /opt/conda/lib/python3.11/site-packages (from requests->diffusers==0.34.0->-r /workspace/cuda-ref-unpack/wan22-cuda-reference-f0daa5de/experiments/wan22_native/cuda_reference/requirements.txt (line 2)) (2024.8.30)
Downloading diffusers-0.34.0-py3-none-any.whl (3.8 MB)
   ━━━━━━━━━━━━━━━━━━━━━━━━━━━━━━━━━━━━━━━━ 3.8/3.8 MB 140.2 MB/s eta 0:00:00
Downloading huggingface_hub-0.34.0-py3-none-any.whl (558 kB)
   ━━━━━━━━━━━━━━━━━━━━━━━━━━━━━━━━━━━━━━━ 558.7/558.7 kB 119.5 MB/s eta 0:00:00
Downloading safetensors-0.5.3-cp38-abi3-manylinux_2_17_x86_64.manylinux2014_x86_64.whl (471 kB)
   ━━━━━━━━━━━━━━━━━━━━━━━━━━━━━━━━━━━━━━━ 471.6/471.6 kB 109.8 MB/s eta 0:00:00
Downloading numpy-1.26.4-cp311-cp311-manylinux_2_17_x86_64.manylinux2014_x86_64.whl (18.3 MB)
   ━━━━━━━━━━━━━━━━━━━━━━━━━━━━━━━━━━━━━━━━ 18.3/18.3 MB 184.9 MB/s eta 0:00:00
Downloading psutil-7.2.2-cp36-abi3-manylinux2010_x86_64.manylinux_2_12_x86_64.manylinux_2_28_x86_64.whl (155 kB)
   ━━━━━━━━━━━━━━━━━━━━━━━━━━━━━━━━━━━━━━━━ 155.6/155.6 kB 49.4 MB/s eta 0:00:00
Downloading einops-0.8.1-py3-none-any.whl (64 kB)
   ━━━━━━━━━━━━━━━━━━━━━━━━━━━━━━━━━━━━━━━━ 64.4/64.4 kB 21.8 MB/s eta 0:00:00
Downloading pillow-12.3.0-cp311-cp311-manylinux_2_27_x86_64.manylinux_2_28_x86_64.whl (6.9 MB)
   ━━━━━━━━━━━━━━━━━━━━━━━━━━━━━━━━━━━━━━━━ 6.9/6.9 MB 103.6 MB/s eta 0:00:00
Downloading hf_xet-1.6.0-cp38-abi3-manylinux2014_x86_64.manylinux_2_17_x86_64.whl (4.5 MB)
   ━━━━━━━━━━━━━━━━━━━━━━━━━━━━━━━━━━━━━━━━ 4.5/4.5 MB 184.6 MB/s eta 0:00:00
Downloading regex-2026.9.3-cp311-cp311-manylinux2014_x86_64.manylinux_2_17_x86_64.manylinux_2_28_x86_64.whl (801 kB)
   ━━━━━━━━━━━━━━━━━━━━━━━━━━━━━━━━━━━━━━━ 801.1/801.1 kB 148.7 MB/s eta 0:00:00
Downloading importlib_metadata-9.0.1-py3-none-any.whl (27 kB)
Installing collected packages: safetensors, regex, psutil, Pillow, numpy, importlib_metadata, hf-xet, einops, huggingface-hub, diffusers
  Attempting uninstall: psutil
    Found existing installation: psutil 6.1.0
    Not uninstalling psutil at /opt/conda/lib/python3.11/site-packages, outside environment /workspace/setup-evidence-v2/venv
    Can't uninstall 'psutil'. No files were found to uninstall.
  Attempting uninstall: Pillow
    Found existing installation: pillow 10.2.0
    Not uninstalling pillow at /opt/conda/lib/python3.11/site-packages, outside environment /workspace/setup-evidence-v2/venv
    Can't uninstall 'pillow'. No files were found to uninstall.
  Attempting uninstall: numpy
    Found existing installation: numpy 2.1.2
    Not uninstalling numpy at /opt/conda/lib/python3.11/site-packages, outside environment /workspace/setup-evidence-v2/venv
    Can't uninstall 'numpy'. No files were found to uninstall.
Successfully installed Pillow-12.3.0 diffusers-0.34.0 einops-0.8.1 hf-xet-1.6.0 huggingface-hub-0.34.0 importlib_metadata-9.0.1 numpy-1.26.4 psutil-7.2.2 regex-2026.9.3 safetensors-0.5.3

[notice] A new release of pip is available: 24.0 -> 26.2.1
[notice] To update, run: python -m pip install --upgrade pip
  % Total    % Received % Xferd  Average Speed   Time    Time     Time  Current
                                 Dload  Upload   Total   Spent    Left  Speed
  0     0    0     0    0     0      0      0 --:--:-- --:--:-- --:--:--     0  0     0    0     0    0     0      0      0 --:--:-- --:--:-- --:--:--     0
  0     0    0     0    0     0      0      0 --:--:-- --:--:-- --:--:--     0 46  179M   46 83.6M    0     0  70.0M      0  0:00:02  0:00:01  0:00:01 86.4M100  179M  100  179M    0     0  96.9M      0  0:00:01  0:00:01 --:--:--  110M
Processing /workspace/setup-evidence-v2/flash_attn-2.7.4.post1+cu12torch2.5cxx11abiFALSE-cp311-cp311-linux_x86_64.whl
Installing collected packages: flash-attn
Successfully installed flash-attn-2.7.4.post1

[notice] A new release of pip is available: 24.0 -> 26.2.1
[notice] To update, run: python -m pip install --upgrade pip
Setup checks passed. No attention kernel, model, cloud termination or paid-run admission was executed by this script.
